./centos-logo.jpg
./debian-logo.jpg
./download.jpg
./fedora-logo.jpg
./home.jpg
./in.jpg
./index.gif
./next.gif
./prev.gif
./readme_strings_edit.txt
./strings_edit-base64.adb
./strings_edit-base64.ads
./strings_edit-fields.adb
./strings_edit-fields.ads
./strings_edit-floats.ads
./strings_edit-float_edit.adb
./strings_edit-float_edit.ads
./strings_edit-generic_scale.adb
./strings_edit-generic_scale.ads
./strings_edit-integers-subscript.ads
./strings_edit-integers-superscript.ads
./strings_edit-integers.ads
./strings_edit-integer_edit.adb
./strings_edit-integer_edit.ads
./strings_edit-lexicographical_order.adb
./strings_edit-lexicographical_order.ads
./strings_edit-quoted.adb
./strings_edit-quoted.ads
./strings_edit-roman_edit.adb
./strings_edit-roman_edit.ads
./strings_edit-streams-generic_integer.adb
./strings_edit-streams-generic_integer.ads
./strings_edit-streams-generic_modular.adb
./strings_edit-streams-generic_modular.ads
./strings_edit-streams-generic_unsigned.adb
./strings_edit-streams-generic_unsigned.ads
./strings_edit-streams-integers.ads
./strings_edit-streams-integers_32.ads
./strings_edit-streams-integers_64.ads
./strings_edit-streams-naturals.ads
./strings_edit-streams-unsigneds_32.ads
./strings_edit-streams-unsigneds_64.ads
./strings_edit-streams.adb
./strings_edit-streams.ads
./strings_edit-text_edit.adb
./strings_edit-utf8-blocks.ads
./strings_edit-utf8-categorization.adb
./strings_edit-utf8-categorization.ads
./strings_edit-utf8-handling.adb
./strings_edit-utf8-handling.ads
./strings_edit-utf8-integer_edit.adb
./strings_edit-utf8-integer_edit.ads
./strings_edit-utf8-mapping.adb
./strings_edit-utf8-mapping.ads
./strings_edit-utf8-maps-constants.ads
./strings_edit-utf8-maps.adb
./strings_edit-utf8-maps.ads
./strings_edit-utf8-subscript-integer_edit.ads
./strings_edit-utf8-subscript.adb
./strings_edit-utf8-subscript.ads
./strings_edit-utf8-superscript-integer_edit.ads
./strings_edit-utf8-superscript.adb
./strings_edit-utf8-superscript.ads
./strings_edit-utf8-wildcards-case_insensitive.adb
./strings_edit-utf8-wildcards-case_insensitive.ads
./strings_edit-utf8-wildcards.adb
./strings_edit-utf8-wildcards.ads
./strings_edit-utf8.adb
./strings_edit-utf8.ads
./strings_edit.adb
./strings_edit.ads
./strings_edit.gpr
./strings_edit.htm
./strings_edit_scale.gif
./test_strings_edit/readme_strings_edit.txt
./test_strings_edit/strings_edit-test.gpr
./test_strings_edit/strings_edit-utf8-categorization_generator.adb
./test_strings_edit/strings_edit-utf8-mapping_generator.adb
./test_strings_edit/test_base64.adb
./test_strings_edit/test_strings_edit.adb
./test_strings_edit/test_string_streams.adb
./test_strings_edit/UnicodeData.txt
./ubuntu-logo.jpg
